[apiensnft.shop/presale.html]
[backblue.gif]
[fade.gif]
[index.html]
[apiensnft.shop/cdnjs.cloudflare.com/ajax/libs/toastr.js/latest/toastr.min.css]
[apiensnft.shop/fonts.css]
[apiensnft.shop/3.html]
[apiensnft.shop/logo192.html]
[apiensnft.shop/manifest.html]
[apiensnft.shop/banner.png]
[apiensnft.shop/gif.gif]
[apiensnft.shop/cdnjs.cloudflare.com/ajax/libs/toastr.js/latest/toastr.min.js]
[apiensnft.shop/presale.html]
[apiensnft.shop/cdnjs.cloudflare.com/ajax/libs/toastr.js/latest/toastr.min.css]
[apiensnft.shop/cdn.jsdelivr.net/npm/web3@latest/dist/web3.min.js]
[apiensnft.shop/fonts/satoshi-variable.html]
[apiensnft.shop/fonts/satoshi-variable-2.html]
[apiensnft.shop/fonts/satoshi-variable-3.html]
[apiensnft.shop/fonts/satoshi-variableitalic.html]
[apiensnft.shop/fonts/satoshi-variableitalic-2.html]
[apiensnft.shop/fonts/satoshi-variableitalic-3.html]
[apiensnft.shop/fonts/satoshi-lightitalic.html]
[apiensnft.shop/fonts/satoshi-lightitalic-2.html]
[apiensnft.shop/fonts/satoshi-lightitalic-3.html]
[apiensnft.shop/fonts/satoshi-light.html]
[apiensnft.shop/fonts/satoshi-light-2.html]
[apiensnft.shop/fonts/satoshi-light-3.html]
[apiensnft.shop/fonts/satoshi-regular.html]
[apiensnft.shop/fonts/satoshi-regular-2.html]
[apiensnft.shop/fonts/satoshi-regular-3.html]
[apiensnft.shop/fonts/satoshi-italic.html]
[apiensnft.shop/fonts/satoshi-italic-2.html]
[apiensnft.shop/fonts/satoshi-italic-3.html]
[apiensnft.shop/fonts/satoshi-mediumitalic.html]
[apiensnft.shop/fonts/satoshi-mediumitalic-2.html]
[apiensnft.shop/fonts/satoshi-mediumitalic-3.html]
[apiensnft.shop/fonts/Satoshi-Medium.woff2]
[apiensnft.shop/fonts/Satoshi-Medium.woff]
[apiensnft.shop/fonts/Satoshi-Medium.ttf]
[apiensnft.shop/fonts/satoshi-bolditalic.html]
[apiensnft.shop/fonts/satoshi-bolditalic-2.html]
[apiensnft.shop/fonts/satoshi-bolditalic-3.html]
[apiensnft.shop/fonts/Satoshi-Bold.woff2]
[apiensnft.shop/fonts/Satoshi-Bold.woff]
[apiensnft.shop/fonts/Satoshi-Bold.ttf]
[apiensnft.shop/fonts/satoshi-blackitalic.html]
[apiensnft.shop/fonts/satoshi-blackitalic-2.html]
[apiensnft.shop/fonts/satoshi-blackitalic-3.html]
[apiensnft.shop/fonts/Satoshi-Black.woff2]
[apiensnft.shop/fonts/Satoshi-Black.woff]
[apiensnft.shop/fonts.css]
[apiensnft.shop/3.html]
[apiensnft.shop/pbs.twimg.com/profile_images/1447494549996113927/lGuncivC_400x400.html]
[apiensnft.shop/logo192.html]
[apiensnft.shop/manifest.html]
[apiensnft.shop/fonts/satoshi-variable.html]
[apiensnft.shop/fonts/satoshi-variable-2.html]
[apiensnft.shop/fonts/satoshi-variable-3.html]
[apiensnft.shop/fonts/satoshi-variableitalic.html]
[apiensnft.shop/fonts/satoshi-variableitalic-2.html]
[apiensnft.shop/fonts/satoshi-variableitalic-3.html]
[apiensnft.shop/fonts/satoshi-lightitalic.html]
[apiensnft.shop/fonts/satoshi-lightitalic-2.html]
[apiensnft.shop/fonts/satoshi-lightitalic-3.html]
[apiensnft.shop/fonts/satoshi-light.html]
[apiensnft.shop/fonts/satoshi-light-2.html]
[apiensnft.shop/fonts/satoshi-light-3.html]
[apiensnft.shop/fonts/satoshi-regular.html]
[apiensnft.shop/fonts/satoshi-regular-2.html]
[apiensnft.shop/fonts/satoshi-regular-3.html]
[apiensnft.shop/fonts/satoshi-italic.html]
[apiensnft.shop/fonts/satoshi-italic-2.html]
[apiensnft.shop/fonts/satoshi-italic-3.html]
[apiensnft.shop/fonts/satoshi-mediumitalic.html]
[apiensnft.shop/fonts/satoshi-mediumitalic-2.html]
[apiensnft.shop/fonts/satoshi-mediumitalic-3.html]
[apiensnft.shop/fonts/satoshi-bolditalic.html]
[apiensnft.shop/fonts/satoshi-bolditalic-2.html]
[apiensnft.shop/fonts/satoshi-bolditalic-3.html]
[apiensnft.shop/fonts/satoshi-blackitalic.html]
[apiensnft.shop/fonts/satoshi-blackitalic-2.html]
[apiensnft.shop/fonts/satoshi-blackitalic-3.html]
[apiensnft.shop/fonts/Satoshi-Black.ttf]
[apiensnft.shop/index.html]
[apiensnft.shop/wp-includes/css/dist/block-library/style.min74e5.css]
[apiensnft.shop/comments/feed/index.html]
[apiensnft.shop/feed/index.html]
[apiensnft.shop/wp-content/themes/twentytwentyone/style7ef2.css]
[apiensnft.shop/wp-content/themes/twentytwentyone/assets/css/print7ef2.css]
[apiensnft.shop/xmlrpc0db0.php]
[apiensnft.shop/wp-json/index.html]
[apiensnft.shop/wp-includes/wlwmanifest.xml]
[apiensnft.shop/wp-content/themes/twentytwentyone/assets/js/polyfills7ef2.js]
[apiensnft.shop/hello-world/index.html]
[apiensnft.shop/2022/02/index.html]
[apiensnft.shop/wp-content/themes/twentytwentyone/assets/js/responsive-embeds7ef2.js]
[apiensnft.shop/index.html]
[apiensnft.shop/wp-includes/css/dist/block-library/style.min74e5.css]
[apiensnft.shop/wp-content/themes/twentytwentyone/style7ef2.css]
[apiensnft.shop/wp-content/themes/twentytwentyone/assets/css/print7ef2.css]
[apiensnft.shop/category/uncategorized/index.html]
[apiensnft.shop/Trident/index.html]
[apiensnft.shop/wp-json/wp/v2/posts/1.json]
[apiensnft.shop/hello-world/feed/index.html]
[apiensnft.shop/wp-json/oembed/1.0/embedaefb.json]
[apiensnft.shop/wp-json/oembed/1.0/embed477c]
[apiensnft.shop/wp-includes/js/comment-reply.min74e5.js]
[apiensnft.shop/hello-world/index.html]
[apiensnft.shop/hello-world/Trident/index.html]
[apiensnft.shop/author/namecheapnft/index.html]
[apiensnft.shop/hello-world/index6809.html]
[apiensnft.shop/category/uncategorized/index.html]
[apiensnft.shop/2022/02/index.html]
[apiensnft.shop/wp-json/wp/v2/categories/1.json]
[apiensnft.shop/Trident/index.html]
[apiensnft.shop/indexcff1.html]
[apiensnft.shop/xmlrpc.php]
[apiensnft.shop/category/uncategorized/feed/index.html]
[apiensnft.shop/2022/02/Trident/index.html]
[apiensnft.shop/category/uncategorized/Trident/index.html]
[apiensnft.shop/wp-json/wp/v2/users/1.json]
[apiensnft.shop/author/namecheapnft/index.html]
[apiensnft.shop/hello-world/index6809.html]
[apiensnft.shop/hello-world/Trident/index.html]
[apiensnft.shop/category/uncategorized/Trident/index.html]
[apiensnft.shop/2022/02/Trident/index.html]
[apiensnft.shop/author/namecheapnft/feed/index.html]
[apiensnft.shop/author/namecheapnft/Trident/index.html]
[apiensnft.shop/author/namecheapnft/Trident/index.html]
